BL51 BANKED LINKER/LOCATER V6.22.4.0                                                    08/27/2026  11:09:15  PAGE 1


BL51 BANKED LINKER/LOCATER V6.22.4.0, INVOKED BY:
C:\KEIL_V5\C51\BIN\BL51.EXE .\Objects\STARTUP.obj, .\Objects\main.obj TO .\Objects\Exp-13 PRINT (.\Listings\Exp-13.m51)


MEMORY MODEL: SMALL


INPUT MODULES INCLUDED:
  .\Objects\STARTUP.obj (?C_STARTUP)
  .\Objects\main.obj (MAIN)
  C:\KEIL_V5\C51\LIB\C51S.LIB (?C?COPY)
  C:\KEIL_V5\C51\LIB\C51S.LIB (?C?ULSHR)


LINK MAP OF MODULE:  .\Objects\Exp-13 (?C_STARTUP)


            TYPE    BASE      LENGTH    RELOCATION   SEGMENT NAME
            -----------------------------------------------------

            * * * * * * *   D A T A   M E M O R Y   * * * * * * *
            REG     0000H     0008H     ABSOLUTE     "REG BANK 0"
            DATA    0008H     000EH     UNIT         _DATA_GROUP_
            IDATA   0016H     0001H     UNIT         ?STACK

            * * * * * * *   C O D E   M E M O R Y   * * * * * * *
            CODE    0000H     0003H     ABSOLUTE     
                    0003H     07FDH                  *** GAP ***
            CODE    0800H     0109H     UNIT         ?C?LIB_CODE
            CODE    0909H     0072H     UNIT         ?PR?MAIN?MAIN
            CODE    097BH     000CH     UNIT         ?C_C51STARTUP
            CODE    0987H     000AH     UNIT         ?CO?MAIN



OVERLAY MAP OF MODULE:   .\Objects\Exp-13 (?C_STARTUP)


SEGMENT                          DATA_GROUP 
  +--> CALLED SEGMENT          START    LENGTH
----------------------------------------------
?C_C51STARTUP                  -----    -----
  +--> ?PR?MAIN?MAIN

?PR?MAIN?MAIN                  0008H    000EH
  +--> ?CO?MAIN



SYMBOL TABLE OF MODULE:  .\Objects\Exp-13 (?C_STARTUP)

  VALUE           TYPE          NAME
  ----------------------------------

  -------         MODULE        ?C_STARTUP
  C:097BH         SEGMENT       ?C_C51STARTUP
  I:0016H         SEGMENT       ?STACK
  C:0000H         PUBLIC        ?C_STARTUP
BL51 BANKED LINKER/LOCATER V6.22.4.0                                                  08/27/2026  11:09:15  PAGE 2


  D:00E0H         SYMBOL        ACC
  D:00F0H         SYMBOL        B
  D:0083H         SYMBOL        DPH
  D:0082H         SYMBOL        DPL
  N:0000H         SYMBOL        IBPSTACK
  N:0100H         SYMBOL        IBPSTACKTOP
  N:0080H         SYMBOL        IDATALEN
  C:097EH         SYMBOL        IDATALOOP
  N:0000H         SYMBOL        PBPSTACK
  N:0100H         SYMBOL        PBPSTACKTOP
  N:0000H         SYMBOL        PDATALEN
  N:0000H         SYMBOL        PDATASTART
  N:0000H         SYMBOL        PPAGE
  N:0000H         SYMBOL        PPAGEENABLE
  D:00A0H         SYMBOL        PPAGE_SFR
  D:0081H         SYMBOL        SP
  C:097BH         SYMBOL        STARTUP1
  N:0000H         SYMBOL        XBPSTACK
  N:0000H         SYMBOL        XBPSTACKTOP
  N:0000H         SYMBOL        XDATALEN
  N:0000H         SYMBOL        XDATASTART
  C:0000H         LINE#         126
  C:097BH         LINE#         133
  C:097DH         LINE#         134
  C:097EH         LINE#         135
  C:097FH         LINE#         136
  C:0981H         LINE#         185
  C:0984H         LINE#         196
  -------         ENDMOD        ?C_STARTUP

  -------         MODULE        MAIN
  C:0000H         SYMBOL        _ICE_DUMMY_
  D:0080H         PUBLIC        P0
  D:0090H         PUBLIC        P1
  D:00A0H         PUBLIC        P2
  C:0909H         PUBLIC        main
  C:0987H         SYMBOL        _?ix1000
  -------         PROC          MAIN
  -------         DO            
  D:0002H         SYMBOL        i
  D:0008H         SYMBOL        array
  D:0012H         SYMBOL        sum
  -------         ENDDO         
  C:0909H         LINE#         3
  C:0909H         LINE#         4
  C:0909H         LINE#         6
  C:091CH         LINE#         7
  C:0925H         LINE#         9
  C:0927H         LINE#         10
  C:0927H         LINE#         11
  C:0949H         LINE#         12
  C:0954H         LINE#         14
  C:095AH         LINE#         15
  C:096AH         LINE#         16
  C:0979H         LINE#         18
  -------         ENDPROC       MAIN
  -------         ENDMOD        MAIN
BL51 BANKED LINKER/LOCATER V6.22.4.0                                                  08/27/2026  11:09:15  PAGE 3



  -------         MODULE        ?C?COPY
  C:08D0H         PUBLIC        ?C?COPY
  -------         ENDMOD        ?C?COPY

  -------         MODULE        ?C?ULSHR
  C:08F6H         PUBLIC        ?C?ULSHR
  -------         ENDMOD        ?C?ULSHR

******************************************************************************
* RESTRICTED VERSION WITH 0800H BYTE CODE SIZE LIMIT; USED: 008BH BYTE ( 6%) *
******************************************************************************

Program Size: data=23.0 xdata=0 code=404
LINK/LOCATE RUN COMPLETE.  0 WARNING(S),  0 ERROR(S)
