BL51 BANKED LINKER/LOCATER V6.22.4.0                                                    08/27/2026  10:52:59  PAGE 1


BL51 BANKED LINKER/LOCATER V6.22.4.0, INVOKED BY:
C:\KEIL_V5\C51\BIN\BL51.EXE .\Objects\STARTUP.obj, .\Objects\main.obj TO .\Objects\Exp-17 UART 2 PRINT (.\Listings\Exp-1
>> 7 UART 2.m51)


MEMORY MODEL: SMALL


INPUT MODULES INCLUDED:
  .\Objects\STARTUP.obj (?C_STARTUP)
  .\Objects\main.obj (MAIN)


LINK MAP OF MODULE:  .\Objects\Exp-17 UART 2 (?C_STARTUP)


            TYPE    BASE      LENGTH    RELOCATION   SEGMENT NAME
            -----------------------------------------------------

            * * * * * * *   D A T A   M E M O R Y   * * * * * * *
            REG     0000H     0008H     ABSOLUTE     "REG BANK 0"
            IDATA   0008H     0001H     UNIT         ?STACK

            * * * * * * *   C O D E   M E M O R Y   * * * * * * *
            CODE    0000H     0003H     ABSOLUTE     
                    0003H     0020H                  *** GAP ***
            CODE    0023H     0003H     ABSOLUTE     
                    0026H     07DAH                  *** GAP ***
            CODE    0800H     0011H     UNIT         ?PR?MAIN?MAIN
            CODE    0811H     000CH     UNIT         ?C_C51STARTUP
            CODE    081DH     0009H     UNIT         ?PR?SERIAL_ISR?MAIN



OVERLAY MAP OF MODULE:   .\Objects\Exp-17 UART 2 (?C_STARTUP)


SEGMENT
  +--> CALLED SEGMENT
---------------------
?C_C51STARTUP
  +--> ?PR?MAIN?MAIN



SYMBOL TABLE OF MODULE:  .\Objects\Exp-17 UART 2 (?C_STARTUP)

  VALUE           TYPE          NAME
  ----------------------------------

  -------         MODULE        ?C_STARTUP
  C:0811H         SEGMENT       ?C_C51STARTUP
  I:0008H         SEGMENT       ?STACK
  C:0000H         PUBLIC        ?C_STARTUP
  D:00E0H         SYMBOL        ACC
  D:00F0H         SYMBOL        B
  D:0083H         SYMBOL        DPH
  D:0082H         SYMBOL        DPL
BL51 BANKED LINKER/LOCATER V6.22.4.0                                                  08/27/2026  10:52:59  PAGE 2


  N:0000H         SYMBOL        IBPSTACK
  N:0100H         SYMBOL        IBPSTACKTOP
  N:0080H         SYMBOL        IDATALEN
  C:0814H         SYMBOL        IDATALOOP
  N:0000H         SYMBOL        PBPSTACK
  N:0100H         SYMBOL        PBPSTACKTOP
  N:0000H         SYMBOL        PDATALEN
  N:0000H         SYMBOL        PDATASTART
  N:0000H         SYMBOL        PPAGE
  N:0000H         SYMBOL        PPAGEENABLE
  D:00A0H         SYMBOL        PPAGE_SFR
  D:0081H         SYMBOL        SP
  C:0811H         SYMBOL        STARTUP1
  N:0000H         SYMBOL        XBPSTACK
  N:0000H         SYMBOL        XBPSTACKTOP
  N:0000H         SYMBOL        XDATALEN
  N:0000H         SYMBOL        XDATASTART
  C:0000H         LINE#         126
  C:0811H         LINE#         133
  C:0813H         LINE#         134
  C:0814H         LINE#         135
  C:0815H         LINE#         136
  C:0817H         LINE#         185
  C:081AH         LINE#         196
  -------         ENDMOD        ?C_STARTUP

  -------         MODULE        MAIN
  C:0000H         SYMBOL        _ICE_DUMMY_
  D:0090H         PUBLIC        P1
  B:00A8H.7       PUBLIC        EA
  B:00A8H.4       PUBLIC        ES
  B:0098H.0       PUBLIC        RI
  C:0800H         PUBLIC        main
  D:0099H         PUBLIC        SBUF
  D:0098H         PUBLIC        SCON
  D:0089H         PUBLIC        TMOD
  D:008DH         PUBLIC        TH1
  C:081DH         PUBLIC        serial_ISR
  B:0088H.6       PUBLIC        TR1
  -------         PROC          SERIAL_ISR
  C:081DH         LINE#         2
  C:081DH         LINE#         4
  C:0820H         LINE#         5
  C:0820H         LINE#         6
  C:0823H         LINE#         7
  C:0825H         LINE#         8
  C:0825H         LINE#         9
  -------         ENDPROC       SERIAL_ISR
  -------         PROC          MAIN
  C:0800H         LINE#         10
  C:0800H         LINE#         11
  C:0800H         LINE#         12
  C:0803H         LINE#         13
  C:0806H         LINE#         14
  C:0809H         LINE#         15
  C:080BH         LINE#         16
  C:080DH         LINE#         17
BL51 BANKED LINKER/LOCATER V6.22.4.0                                                  08/27/2026  10:52:59  PAGE 3


  C:080FH         LINE#         18
  -------         ENDPROC       MAIN
  -------         ENDMOD        MAIN

******************************************************************************
* RESTRICTED VERSION WITH 0800H BYTE CODE SIZE LIMIT; USED: 002CH BYTE ( 2%) *
******************************************************************************

Program Size: data=9.0 xdata=0 code=44
LINK/LOCATE RUN COMPLETE.  0 WARNING(S),  0 ERROR(S)
