C51 COMPILER V9.60.7.0   MAIN                                                              08/27/2026 11:38:42 PAGE 1   


C51 COMPILER V9.60.7.0, COMPILATION OF MODULE MAIN
OBJECT MODULE PLACED IN .\Objects\main.obj
COMPILER INVOKED BY: C:\Keil_v5\C51\BIN\C51.EXE main.c OPTIMIZE(8,SPEED) BROWSE DEBUG OBJECTEXTEND PRINT(.\Listings\main
                    -.lst) TABS(2) OBJECT(.\Objects\main.obj)

line level    source

   1          #include <reg51.h> #include <stdio.h>
   2          void main (void){
   3   1      SCON = 0x50; /* SCON: mode 1, 8-bit UART, enable rcvr */ TMOD = 0x20;
   4   1      /* TMOD: timer 1, mode 2, 8-bit reload */ TH1 = 0xFD; /* TH1: reload
   5   1      
   6   1      value for 9600 baudrate */
   7   1      TR1 = 1; /* TR1: timer 1 run */
   8   1      TI = 1; /* TI: set TI to send first char of UART */ while (1)
   9   1      {
  10   2      printf ("Hello World ! \n ");
  11   2      }
  12   1      }


MODULE INFORMATION:   STATIC OVERLAYABLE
   CODE SIZE        =     24    ----
   CONSTANT SIZE    =     17    ----
   XDATA SIZE       =   ----    ----
   PDATA SIZE       =   ----    ----
   DATA SIZE        =   ----    ----
   IDATA SIZE       =   ----    ----
   BIT SIZE         =   ----    ----
END OF MODULE INFORMATION.


C51 COMPILATION COMPLETE.  0 WARNING(S),  0 ERROR(S)
