BL51 BANKED LINKER/LOCATER V6.22.4.0                                                    08/27/2026  10:39:13  PAGE 1


BL51 BANKED LINKER/LOCATER V6.22.4.0, INVOKED BY:
C:\KEIL_V5\C51\BIN\BL51.EXE .\Objects\STARTUP.obj, .\Objects\main.obj TO .\Objects\Exp-16 UART PRINT (.\Listings\Exp-16 
>> UART.m51)


MEMORY MODEL: SMALL


INPUT MODULES INCLUDED:
  .\Objects\STARTUP.obj (?C_STARTUP)
  .\Objects\main.obj (MAIN)
  C:\KEIL_V5\C51\LIB\C51S.LIB (?C?SLCMP)
  C:\KEIL_V5\C51\LIB\C51S.LIB (PRINTF)
  C:\KEIL_V5\C51\LIB\C51S.LIB (?C?CLDPTR)
  C:\KEIL_V5\C51\LIB\C51S.LIB (?C?CLDOPTR)
  C:\KEIL_V5\C51\LIB\C51S.LIB (?C?CSTPTR)
  C:\KEIL_V5\C51\LIB\C51S.LIB (?C?PLDIIDATA)
  C:\KEIL_V5\C51\LIB\C51S.LIB (?C?CCASE)
  C:\KEIL_V5\C51\LIB\C51S.LIB (PUTCHAR)


LINK MAP OF MODULE:  .\Objects\Exp-16 UART (?C_STARTUP)


            TYPE    BASE      LENGTH    RELOCATION   SEGMENT NAME
            -----------------------------------------------------

            * * * * * * *   D A T A   M E M O R Y   * * * * * * *
            REG     0000H     0008H     ABSOLUTE     "REG BANK 0"
                    0008H     0018H                  *** GAP ***
            BIT     0020H.0   0002H.2   UNIT         _BIT_GROUP_
                    0022H.2   0000H.6                *** GAP ***
            DATA    0023H     0029H     UNIT         _DATA_GROUP_
            IDATA   004CH     0001H     UNIT         ?STACK

            * * * * * * *   C O D E   M E M O R Y   * * * * * * *
            CODE    0000H     0003H     ABSOLUTE     
                    0003H     0020H                  *** GAP ***
            CODE    0023H     0003H     ABSOLUTE     
                    0026H     07DAH                  *** GAP ***
            CODE    0800H     035CH     UNIT         ?PR?PRINTF?PRINTF
            CODE    0B5CH     00A4H     UNIT         ?C?LIB_CODE
            CODE    0C00H     0055H     UNIT         ?PR?SERIAL_ISR?MAIN
            CODE    0C55H     002BH     UNIT         ?CO?MAIN
            CODE    0C80H     0027H     UNIT         ?PR?PUTCHAR?PUTCHAR
            CODE    0CA7H     001EH     UNIT         ?PR?MAIN?MAIN
            CODE    0CC5H     001AH     UNIT         ?PR?DELAY?MAIN
            CODE    0CDFH     000CH     UNIT         ?C_C51STARTUP



OVERLAY MAP OF MODULE:   .\Objects\Exp-16 UART (?C_STARTUP)


SEGMENT                           BIT_GROUP          DATA_GROUP 
  +--> CALLED SEGMENT          START    LENGTH     START    LENGTH
------------------------------------------------------------------
?C_C51STARTUP                  -----    -----      -----    -----
BL51 BANKED LINKER/LOCATER V6.22.4.0                                                  08/27/2026  10:39:13  PAGE 2


  +--> ?PR?MAIN?MAIN

?PR?MAIN?MAIN                  -----    -----      -----    -----
  +--> ?CO?MAIN
  +--> ?PR?PRINTF?PRINTF
  +--> ?PR?DELAY?MAIN

?PR?PRINTF?PRINTF              0021H.1  0001H.1    0038H    0014H
  +--> ?PR?PUTCHAR?PUTCHAR

*** NEW ROOT ***************************************************

?PR?SERIAL_ISR?MAIN            -----    -----      0037H    0001H
  +--> ?CO?MAIN
  +--> ?PR?PRINTF?PRINTF



SYMBOL TABLE OF MODULE:  .\Objects\Exp-16 UART (?C_STARTUP)

  VALUE           TYPE          NAME
  ----------------------------------

  -------         MODULE        ?C_STARTUP
  C:0CDFH         SEGMENT       ?C_C51STARTUP
  I:004CH         SEGMENT       ?STACK
  C:0000H         PUBLIC        ?C_STARTUP
  D:00E0H         SYMBOL        ACC
  D:00F0H         SYMBOL        B
  D:0083H         SYMBOL        DPH
  D:0082H         SYMBOL        DPL
  N:0000H         SYMBOL        IBPSTACK
  N:0100H         SYMBOL        IBPSTACKTOP
  N:0080H         SYMBOL        IDATALEN
  C:0CE2H         SYMBOL        IDATALOOP
  N:0000H         SYMBOL        PBPSTACK
  N:0100H         SYMBOL        PBPSTACKTOP
  N:0000H         SYMBOL        PDATALEN
  N:0000H         SYMBOL        PDATASTART
  N:0000H         SYMBOL        PPAGE
  N:0000H         SYMBOL        PPAGEENABLE
  D:00A0H         SYMBOL        PPAGE_SFR
  D:0081H         SYMBOL        SP
  C:0CDFH         SYMBOL        STARTUP1
  N:0000H         SYMBOL        XBPSTACK
  N:0000H         SYMBOL        XBPSTACKTOP
  N:0000H         SYMBOL        XDATALEN
  N:0000H         SYMBOL        XDATASTART
  C:0000H         LINE#         126
  C:0CDFH         LINE#         133
  C:0CE1H         LINE#         134
  C:0CE2H         LINE#         135
  C:0CE3H         LINE#         136
  C:0CE5H         LINE#         185
  C:0CE8H         LINE#         196
  -------         ENDMOD        ?C_STARTUP

BL51 BANKED LINKER/LOCATER V6.22.4.0                                                  08/27/2026  10:39:13  PAGE 3


  -------         MODULE        MAIN
  C:0000H         SYMBOL        _ICE_DUMMY_
  D:00A8H         PUBLIC        IE
  C:0CC5H         PUBLIC        delay
  B:0098H.0       PUBLIC        RI
  B:0098H.1       PUBLIC        TI
  C:0CA7H         PUBLIC        main
  D:0099H         PUBLIC        SBUF
  D:0098H         PUBLIC        SCON
  D:0089H         PUBLIC        TMOD
  D:008DH         PUBLIC        TH1
  C:0C00H         PUBLIC        serial_ISR
  B:0088H.6       PUBLIC        TR1
  -------         PROC          SERIAL_ISR
  -------         DO            
  D:0037H         SYMBOL        ch
  -------         ENDDO         
  C:0C00H         LINE#         4
  C:0C1DH         LINE#         7
  C:0C20H         LINE#         8
  C:0C20H         LINE#         10
  C:0C22H         LINE#         11
  C:0C25H         LINE#         13
  C:0C2EH         LINE#         14
  C:0C3AH         LINE#         15
  C:0C3AH         LINE#         16
  -------         ENDPROC       SERIAL_ISR
  -------         PROC          DELAY
  -------         DO            
  D:0082H         SYMBOL        i
  -------         ENDDO         
  C:0CC5H         LINE#         18
  C:0CC5H         LINE#         19
  C:0CC5H         LINE#         21
  C:0CDEH         LINE#         22
  -------         ENDPROC       DELAY
  -------         PROC          MAIN
  C:0CA7H         LINE#         24
  C:0CA7H         LINE#         25
  C:0CA7H         LINE#         26
  C:0CAAH         LINE#         27
  C:0CADH         LINE#         28
  C:0CB0H         LINE#         29
  C:0CB2H         LINE#         31
  C:0CB5H         LINE#         33
  C:0CB7H         LINE#         35
  C:0CB7H         LINE#         36
  C:0CB7H         LINE#         37
  C:0CC0H         LINE#         38
  C:0CC3H         LINE#         39
  -------         ENDPROC       MAIN
  -------         ENDMOD        MAIN

  -------         MODULE        ?C?SLCMP
  C:0B5CH         PUBLIC        ?C?SLCMP
  -------         ENDMOD        ?C?SLCMP

BL51 BANKED LINKER/LOCATER V6.22.4.0                                                  08/27/2026  10:39:13  PAGE 4


  -------         MODULE        PRINTF
  D:0038H         PUBLIC        ?_PRINTF517?BYTE
  D:0038H         PUBLIC        ?_PRINTF?BYTE
  D:0038H         PUBLIC        ?_SPRINTF517?BYTE
  D:0038H         PUBLIC        ?_SPRINTF?BYTE
  C:0862H         PUBLIC        _PRINTF
  C:0862H         PUBLIC        _PRINTF517
  C:085CH         PUBLIC        _SPRINTF
  C:085CH         PUBLIC        _SPRINTF517
  -------         ENDMOD        PRINTF

  -------         MODULE        ?C?CLDPTR
  C:0B72H         PUBLIC        ?C?CLDPTR
  -------         ENDMOD        ?C?CLDPTR

  -------         MODULE        ?C?CLDOPTR
  C:0B8BH         PUBLIC        ?C?CLDOPTR
  -------         ENDMOD        ?C?CLDOPTR

  -------         MODULE        ?C?CSTPTR
  C:0BB8H         PUBLIC        ?C?CSTPTR
  -------         ENDMOD        ?C?CSTPTR

  -------         MODULE        ?C?PLDIIDATA
  C:0BCAH         PUBLIC        ?C?PLDIIDATA
  -------         ENDMOD        ?C?PLDIIDATA

  -------         MODULE        ?C?CCASE
  C:0BDAH         PUBLIC        ?C?CCASE
  -------         ENDMOD        ?C?CCASE

  -------         MODULE        PUTCHAR
  C:0C80H         PUBLIC        _PUTCHAR
  -------         ENDMOD        PUTCHAR

*** WARNING L15: MULTIPLE CALL TO SEGMENT
    SEGMENT: ?PR?PRINTF?PRINTF
    CALLER1: ?C_C51STARTUP
    CALLER2: ?PR?SERIAL_ISR?MAIN

******************************************************************************
* RESTRICTED VERSION WITH 0800H BYTE CODE SIZE LIMIT; USED: 00CAH BYTE ( 9%) *
******************************************************************************

Program Size: data=52.2 xdata=0 code=1265
LINK/LOCATE RUN COMPLETE.  1 WARNING(S),  0 ERROR(S)
