C51 COMPILER V9.60.7.0   MAIN                                                              08/27/2026 10:39:13 PAGE 1   


C51 COMPILER V9.60.7.0, COMPILATION OF MODULE MAIN
OBJECT MODULE PLACED IN .\Objects\main.obj
COMPILER INVOKED BY: C:\Keil_v5\C51\BIN\C51.EXE main.c OPTIMIZE(8,SPEED) BROWSE DEBUG OBJECTEXTEND PRINT(.\Listings\main
                    -.lst) TABS(2) OBJECT(.\Objects\main.obj)

line level    source

   1          #include <reg51.h>
   2          #include <stdio.h>
   3          
   4          void serial_ISR(void) interrupt 4
   5          {
   6   1      char ch;
   7   1      if (RI)
   8   1      {
   9   2      
  10   2      RI = 0; // Clear receive interrupt flag
  11   2      ch = SBUF; // Read received character
  12   2      
  13   2      printf("\n>>> INTERRUPT RECEIVED: ");
  14   2      printf("%c\n", ch);
  15   2      }
  16   1      }
  17          
  18          void delay(void)
  19          {
  20   1      unsigned int i;
  21   1      for(i = 0; i < 50000; i++); // Delay for visibility
  22   1      }
  23          
  24          void main(void)
  25          {
  26   1      SCON = 0x50; // UART mode 1, 8-bit, REN enabled
  27   1      TMOD = 0x20; // Timer1 mode 2 (auto-reload)
  28   1      TH1 = 0xFD; // Baud rate 9600
  29   1      TR1 = 1; // Start Timer1
  30   1      
  31   1      IE = 0x90; // EA = 1, ES = 1 (enable serial interrupt)
  32   1      
  33   1      TI = 1; // Enable printf
  34   1      
  35   1      while(1)
  36   1      {
  37   2      printf("Hello World\n");
  38   2      delay();
  39   2      }
  40   1      }


MODULE INFORMATION:   STATIC OVERLAYABLE
   CODE SIZE        =    141    ----
   CONSTANT SIZE    =     43    ----
   XDATA SIZE       =   ----    ----
   PDATA SIZE       =   ----    ----
   DATA SIZE        =   ----       1
   IDATA SIZE       =   ----    ----
   BIT SIZE         =   ----    ----
END OF MODULE INFORMATION.


C51 COMPILATION COMPLETE.  0 WARNING(S),  0 ERROR(S)
