BL51 BANKED LINKER/LOCATER V6.22.4.0                                                    08/27/2026  11:45:35  PAGE 1


BL51 BANKED LINKER/LOCATER V6.22.4.0, INVOKED BY:
C:\KEIL_V5\C51\BIN\BL51.EXE .\Objects\STARTUP.obj, .\Objects\main.obj TO .\Objects\Exp-15 Hexd-d PRINT (.\Listings\Exp-1
>> 5 Hexd-d.m51)


MEMORY MODEL: SMALL


INPUT MODULES INCLUDED:
  .\Objects\STARTUP.obj (?C_STARTUP)
  .\Objects\main.obj (MAIN)


LINK MAP OF MODULE:  .\Objects\Exp-15 Hexd-d (?C_STARTUP)


            TYPE    BASE      LENGTH    RELOCATION   SEGMENT NAME
            -----------------------------------------------------

            * * * * * * *   D A T A   M E M O R Y   * * * * * * *
            REG     0000H     0008H     ABSOLUTE     "REG BANK 0"
            IDATA   0008H     0001H     UNIT         ?STACK

            * * * * * * *   C O D E   M E M O R Y   * * * * * * *
            CODE    0000H     0003H     ABSOLUTE     
                    0003H     07FDH                  *** GAP ***
            CODE    0800H     0016H     UNIT         ?PR?MAIN?MAIN
            CODE    0816H     000CH     UNIT         ?C_C51STARTUP



OVERLAY MAP OF MODULE:   .\Objects\Exp-15 Hexd-d (?C_STARTUP)


SEGMENT
  +--> CALLED SEGMENT
---------------------
?C_C51STARTUP
  +--> ?PR?MAIN?MAIN



SYMBOL TABLE OF MODULE:  .\Objects\Exp-15 Hexd-d (?C_STARTUP)

  VALUE           TYPE          NAME
  ----------------------------------

  -------         MODULE        ?C_STARTUP
  C:0816H         SEGMENT       ?C_C51STARTUP
  I:0008H         SEGMENT       ?STACK
  C:0000H         PUBLIC        ?C_STARTUP
  D:00E0H         SYMBOL        ACC
  D:00F0H         SYMBOL        B
  D:0083H         SYMBOL        DPH
  D:0082H         SYMBOL        DPL
  N:0000H         SYMBOL        IBPSTACK
  N:0100H         SYMBOL        IBPSTACKTOP
  N:0080H         SYMBOL        IDATALEN
BL51 BANKED LINKER/LOCATER V6.22.4.0                                                  08/27/2026  11:45:35  PAGE 2


  C:0819H         SYMBOL        IDATALOOP
  N:0000H         SYMBOL        PBPSTACK
  N:0100H         SYMBOL        PBPSTACKTOP
  N:0000H         SYMBOL        PDATALEN
  N:0000H         SYMBOL        PDATASTART
  N:0000H         SYMBOL        PPAGE
  N:0000H         SYMBOL        PPAGEENABLE
  D:00A0H         SYMBOL        PPAGE_SFR
  D:0081H         SYMBOL        SP
  C:0816H         SYMBOL        STARTUP1
  N:0000H         SYMBOL        XBPSTACK
  N:0000H         SYMBOL        XBPSTACKTOP
  N:0000H         SYMBOL        XDATALEN
  N:0000H         SYMBOL        XDATASTART
  C:0000H         LINE#         126
  C:0816H         LINE#         133
  C:0818H         LINE#         134
  C:0819H         LINE#         135
  C:081AH         LINE#         136
  C:081CH         LINE#         185
  C:081FH         LINE#         196
  -------         ENDMOD        ?C_STARTUP

  -------         MODULE        MAIN
  C:0000H         SYMBOL        _ICE_DUMMY_
  D:0080H         PUBLIC        P0
  D:0090H         PUBLIC        P1
  D:00A0H         PUBLIC        P2
  C:0800H         PUBLIC        main
  D:00F0H         PUBLIC        B
  D:00E0H         PUBLIC        ACC
  -------         PROC          MAIN
  -------         DO            
  D:0007H         SYMBOL        hexa
  D:0005H         SYMBOL        hundreds
  D:0006H         SYMBOL        tens
  D:0007H         SYMBOL        units
  -------         ENDDO         
  C:0800H         LINE#         3
  C:0800H         LINE#         4
  C:0800H         LINE#         5
  C:0800H         LINE#         8
  C:0802H         LINE#         9
  C:0805H         LINE#         10
  C:0806H         LINE#         11
  C:0808H         LINE#         13
  C:080BH         LINE#         14
  C:080CH         LINE#         15
  C:080EH         LINE#         17
  C:080EH         LINE#         19
  C:0810H         LINE#         20
  C:0812H         LINE#         21
  C:0814H         LINE#         23
  -------         ENDPROC       MAIN
  -------         ENDMOD        MAIN

******************************************************************************
BL51 BANKED LINKER/LOCATER V6.22.4.0                                                  08/27/2026  11:45:35  PAGE 3


* RESTRICTED VERSION WITH 0800H BYTE CODE SIZE LIMIT; USED: 0025H BYTE ( 1%) *
******************************************************************************

Program Size: data=9.0 xdata=0 code=37
LINK/LOCATE RUN COMPLETE.  0 WARNING(S),  0 ERROR(S)
