BL51 BANKED LINKER/LOCATER V6.22.4.0                                                    08/27/2026  10:20:16  PAGE 1


BL51 BANKED LINKER/LOCATER V6.22.4.0, INVOKED BY:
C:\KEIL_V5\C51\BIN\BL51.EXE .\Objects\STARTUP.obj, .\Objects\main.obj TO .\Objects\Exp-11 GPIO Bit Addressing PRINT (.\L
>> istings\Exp-11 GPIO Bit Addressing.m51)


MEMORY MODEL: SMALL


INPUT MODULES INCLUDED:
  .\Objects\STARTUP.obj (?C_STARTUP)
  .\Objects\main.obj (MAIN)


LINK MAP OF MODULE:  .\Objects\Exp-11 GPIO Bit Addressing (?C_STARTUP)


            TYPE    BASE      LENGTH    RELOCATION   SEGMENT NAME
            -----------------------------------------------------

            * * * * * * *   D A T A   M E M O R Y   * * * * * * *
            REG     0000H     0008H     ABSOLUTE     "REG BANK 0"
            IDATA   0008H     0001H     UNIT         ?STACK

            * * * * * * *   C O D E   M E M O R Y   * * * * * * *
            CODE    0000H     0003H     ABSOLUTE     
                    0003H     07FDH                  *** GAP ***
            CODE    0800H     001DH     UNIT         ?PR?DELAY?MAIN
            CODE    081DH     0010H     UNIT         ?PR?MAIN?MAIN
            CODE    082DH     000CH     UNIT         ?C_C51STARTUP



OVERLAY MAP OF MODULE:   .\Objects\Exp-11 GPIO Bit Addressing (?C_STARTUP)


SEGMENT
  +--> CALLED SEGMENT
---------------------
?C_C51STARTUP
  +--> ?PR?MAIN?MAIN

?PR?MAIN?MAIN
  +--> ?PR?DELAY?MAIN



SYMBOL TABLE OF MODULE:  .\Objects\Exp-11 GPIO Bit Addressing (?C_STARTUP)

  VALUE           TYPE          NAME
  ----------------------------------

  -------         MODULE        ?C_STARTUP
  C:082DH         SEGMENT       ?C_C51STARTUP
  I:0008H         SEGMENT       ?STACK
  C:0000H         PUBLIC        ?C_STARTUP
  D:00E0H         SYMBOL        ACC
  D:00F0H         SYMBOL        B
  D:0083H         SYMBOL        DPH
BL51 BANKED LINKER/LOCATER V6.22.4.0                                                  08/27/2026  10:20:16  PAGE 2


  D:0082H         SYMBOL        DPL
  N:0000H         SYMBOL        IBPSTACK
  N:0100H         SYMBOL        IBPSTACKTOP
  N:0080H         SYMBOL        IDATALEN
  C:0830H         SYMBOL        IDATALOOP
  N:0000H         SYMBOL        PBPSTACK
  N:0100H         SYMBOL        PBPSTACKTOP
  N:0000H         SYMBOL        PDATALEN
  N:0000H         SYMBOL        PDATASTART
  N:0000H         SYMBOL        PPAGE
  N:0000H         SYMBOL        PPAGEENABLE
  D:00A0H         SYMBOL        PPAGE_SFR
  D:0081H         SYMBOL        SP
  C:082DH         SYMBOL        STARTUP1
  N:0000H         SYMBOL        XBPSTACK
  N:0000H         SYMBOL        XBPSTACKTOP
  N:0000H         SYMBOL        XDATALEN
  N:0000H         SYMBOL        XDATASTART
  C:0000H         LINE#         126
  C:082DH         LINE#         133
  C:082FH         LINE#         134
  C:0830H         LINE#         135
  C:0831H         LINE#         136
  C:0833H         LINE#         185
  C:0836H         LINE#         196
  -------         ENDMOD        ?C_STARTUP

  -------         MODULE        MAIN
  C:0000H         SYMBOL        _ICE_DUMMY_
  D:0090H         PUBLIC        P1
  B:0090H.0       PUBLIC        LED1
  B:0090H.1       PUBLIC        LED2
  C:0800H         PUBLIC        delay
  C:081DH         PUBLIC        main
  -------         PROC          DELAY
  -------         DO            
  D:0006H         SYMBOL        i
  D:0004H         SYMBOL        j
  -------         ENDDO         
  C:0800H         LINE#         4
  C:0800H         LINE#         5
  C:0800H         LINE#         7
  C:0803H         LINE#         8
  C:081CH         LINE#         9
  -------         ENDPROC       DELAY
  -------         PROC          MAIN
  C:081DH         LINE#         10
  C:081DH         LINE#         11
  C:081DH         LINE#         12
  C:081DH         LINE#         13
  C:081DH         LINE#         14
  C:081FH         LINE#         15
  C:0821H         LINE#         16
  C:0824H         LINE#         17
  C:0826H         LINE#         18
  C:0828H         LINE#         19
  C:082BH         LINE#         20
BL51 BANKED LINKER/LOCATER V6.22.4.0                                                  08/27/2026  10:20:16  PAGE 3


  -------         ENDPROC       MAIN
  -------         ENDMOD        MAIN

******************************************************************************
* RESTRICTED VERSION WITH 0800H BYTE CODE SIZE LIMIT; USED: 003CH BYTE ( 2%) *
******************************************************************************

Program Size: data=9.0 xdata=0 code=60
LINK/LOCATE RUN COMPLETE.  0 WARNING(S),  0 ERROR(S)
