C51 COMPILER V9.60.7.0   MAIN                                                              08/27/2026 10:20:16 PAGE 1   


C51 COMPILER V9.60.7.0, COMPILATION OF MODULE MAIN
OBJECT MODULE PLACED IN .\Objects\main.obj
COMPILER INVOKED BY: C:\Keil_v5\C51\BIN\C51.EXE main.c OPTIMIZE(8,SPEED) BROWSE DEBUG OBJECTEXTEND PRINT(.\Listings\main
                    -.lst) TABS(2) OBJECT(.\Objects\main.obj)

line level    source

   1          #include <reg51.h>
   2          sbit LED1 = P1^0;
   3          sbit LED2 = P1^1;
   4          void delay()
   5          {
   6   1      unsigned int i,j;
   7   1      for(i=0;i<200;i++)
   8   1      for(j=0;j<1000;j++);
   9   1      }
  10          void main()
  11          {
  12   1      while(1)
  13   1      {
  14   2      LED1 = 1;
  15   2      LED2 = 0;
  16   2      delay();
  17   2      LED1 = 0;
  18   2      LED2 = 1;
  19   2      delay();
  20   2      }
  21   1      }


MODULE INFORMATION:   STATIC OVERLAYABLE
   CODE SIZE        =     45    ----
   CONSTANT SIZE    =   ----    ----
   XDATA SIZE       =   ----    ----
   PDATA SIZE       =   ----    ----
   DATA SIZE        =   ----    ----
   IDATA SIZE       =   ----    ----
   BIT SIZE         =   ----    ----
END OF MODULE INFORMATION.


C51 COMPILATION COMPLETE.  0 WARNING(S),  0 ERROR(S)
